AR cont_seg behavior /home/ise/ise_projs/trabalho_3/cont_seg.vhd sub00/vhpl07 1781056592
EN cont_seg NULL /home/ise/ise_projs/trabalho_3/cont_seg.vhd sub00/vhpl06 1781056591
AR top_cron_basq behavior /home/ise/ise_projs/trabalho_3/top_cron_basq.vhd sub00/vhpl19 1781056604
EN cont_cent NULL /home/ise/ise_projs/trabalho_3/cont_cen.vhd sub00/vhpl04 1781056589
AR fsm behavior /home/ise/ise_projs/trabalho_3/fsm.vhd sub00/vhpl01 1781056586
AR cron_basq_pi behavior /home/ise/ise_projs/trabalho_3/cron_basq_pi.vhd sub00/vhpl15 1781056600
EN divisor_clock NULL /home/ise/ise_projs/trabalho_3/divisor_clock.vhd sub00/vhpl02 1781056587
AR divisor_clock behavior /home/ise/ise_projs/trabalho_3/divisor_clock.vhd sub00/vhpl03 1781056588
EN debounce NULL /home/ise/ise_projs/trabalho_3/debounce.vhd sub00/vhpl12 1781056597
AR cont_min behavior /home/ise/ise_projs/trabalho_3/cont_min.vhd sub00/vhpl09 1781056594
EN cont_min NULL /home/ise/ise_projs/trabalho_3/cont_min.vhd sub00/vhpl08 1781056593
AR cont_cent behavior /home/ise/ise_projs/trabalho_3/cont_cen.vhd sub00/vhpl05 1781056590
AR debounce debounce /home/ise/ise_projs/trabalho_3/debounce.vhd sub00/vhpl13 1781056598
AR dspl_drv dspl_drv /home/ise/ise_projs/trabalho_3/dspl_drv.vhd sub00/vhpl17 1781056602
EN fsm NULL /home/ise/ise_projs/trabalho_3/fsm.vhd sub00/vhpl00 1781056585
EN dspl_drv NULL /home/ise/ise_projs/trabalho_3/dspl_drv.vhd sub00/vhpl16 1781056601
EN cont_quarto NULL /home/ise/ise_projs/trabalho_3/cont_quarto.vhd sub00/vhpl10 1781056595
EN cron_basq_pi NULL /home/ise/ise_projs/trabalho_3/cron_basq_pi.vhd sub00/vhpl14 1781056599
AR cont_quarto behavior /home/ise/ise_projs/trabalho_3/cont_quarto.vhd sub00/vhpl11 1781056596
EN top_cron_basq NULL /home/ise/ise_projs/trabalho_3/top_cron_basq.vhd sub00/vhpl18 1781056603
