--------------------------------------------------------------------------------
Release 14.7 Trace  (lin64)
Copyright (c) 1995-2013 Xilinx, Inc.  All rights reserved.

/opt/Xilinx/14.7/ISE_DS/ISE/bin/lin64/unwrapped/trce -intstyle ise -v 3 -s 4 -n
3 -fastpaths -xml fulladd.twx fulladd.ncd -o fulladd.twr fulladd.pcf -ucf
fulladd_pins.ucf

Design file:              fulladd.ncd
Physical constraint file: fulladd.pcf
Device,package,speed:     xc3s200,ft256,-4 (PRODUCTION 1.39 2013-10-13)
Report level:             verbose report

Environment Variable      Effect 
--------------------      ------ 
NONE                      No environment variables were set
--------------------------------------------------------------------------------

INFO:Timing:2698 - No timing constraints found, doing default enumeration.
INFO:Timing:3412 - To improve timing, see the Timing Closure User Guide (UG612).
INFO:Timing:2752 - To get complete path coverage, use the unconstrained paths 
   option. All paths that are not constrained will be reported in the 
   unconstrained paths section(s) of the report.
INFO:Timing:3339 - The clock-to-out numbers in this timing report are based on 
   a 50 Ohm transmission line loading model.  For the details of this model, 
   and for more information on accounting for different loading conditions, 
   please see the device datasheet.
INFO:Timing:3390 - This architecture does not support a default System Jitter 
   value, please add SYSTEM_JITTER constraint to the UCF to modify the Clock 
   Uncertainty calculation.
INFO:Timing:3389 - This architecture does not support 'Discrete Jitter' and 
   'Phase Error' calculations, these terms will be zero in the Clock 
   Uncertainty calculation.  Please make appropriate modification to 
   SYSTEM_JITTER to account for the unsupported Discrete Jitter and Phase 
   Error.



Data Sheet report:
-----------------
All values displayed in nanoseconds (ns)

Pad to Pad
---------------+---------------+---------+
Source Pad     |Destination Pad|  Delay  |
---------------+---------------+---------+
A<0>           |Sum<0>         |    7.919|
A<0>           |Sum<1>         |    8.269|
A<0>           |Sum<2>         |    9.195|
A<0>           |Sum<3>         |    8.829|
A<0>           |Sum<4>         |    9.556|
A<1>           |Sum<1>         |    8.709|
A<1>           |Sum<2>         |    9.635|
A<1>           |Sum<3>         |    9.269|
A<1>           |Sum<4>         |    9.996|
A<2>           |Sum<2>         |    8.499|
A<2>           |Sum<3>         |    8.101|
A<2>           |Sum<4>         |    8.828|
A<3>           |Sum<3>         |    8.530|
A<3>           |Sum<4>         |    9.257|
B<0>           |Sum<0>         |    8.388|
B<0>           |Sum<1>         |    8.780|
B<0>           |Sum<2>         |    9.706|
B<0>           |Sum<3>         |    9.340|
B<0>           |Sum<4>         |   10.067|
B<1>           |Sum<1>         |    9.035|
B<1>           |Sum<2>         |    9.961|
B<1>           |Sum<3>         |    9.595|
B<1>           |Sum<4>         |   10.322|
B<2>           |Sum<2>         |    8.787|
B<2>           |Sum<3>         |    8.750|
B<2>           |Sum<4>         |    9.477|
B<3>           |Sum<3>         |    9.204|
B<3>           |Sum<4>         |    9.931|
---------------+---------------+---------+


Analysis completed Thu Apr  2 13:43:54 2026 
--------------------------------------------------------------------------------

Trace Settings:
-------------------------
Trace Settings 

Peak Memory Usage: 314 MB



